Area_1/WC_1 full pre k=32 recall=0.999953
Area_1/conferenceRoom_1 full pre k=32 recall=0.999781
Area_1/conferenceRoom_2 full pre k=32 recall=0.999854
Area_1/copyRoom_1 full pre k=32 recall=0.999938
Area_1/hallway_1 full pre k=32 recall=0.999970
Area_1/hallway_2 full pre k=32 recall=0.999980
Area_1/hallway_3 full pre k=32 recall=0.999976
Area_1/hallway_4 full pre k=32 recall=0.999971
Area_1/hallway_5 full pre k=32 recall=0.999983
Area_1/hallway_6 full pre k=32 recall=0.999947
Area_1/hallway_7 full pre k=32 recall=0.999902
Area_1/hallway_8 full pre k=32 recall=0.999901
Area_1/office_1 full pre k=32 recall=0.999955
Area_1/office_10 full pre k=32 recall=0.999870
Area_1/office_11 full pre k=32 recall=0.999875
Area_1/office_12 full pre k=32 recall=0.999810
Area_1/office_13 full pre k=32 recall=0.999875
Area_1/office_14 full pre k=32 recall=0.999754
Area_1/office_15 full pre k=32 recall=0.999764
Area_1/office_16 full pre k=32 recall=0.999816
Area_1/office_17 full pre k=32 recall=0.999682
Area_1/office_18 full pre k=32 recall=0.999851
Area_1/office_19 full pre k=32 recall=0.999875
Area_1/office_2 full pre k=32 recall=0.999957
Area_1/office_20 full pre k=32 recall=0.999935
Area_1/office_21 full pre k=32 recall=0.999864
Area_1/office_22 full pre k=32 recall=0.999884
Area_1/office_23 full pre k=32 recall=0.999838
Area_1/office_24 full pre k=32 recall=0.999867
Area_1/office_25 full pre k=32 recall=0.999914
Area_1/office_26 full pre k=32 recall=0.999701
Area_1/office_27 full pre k=32 recall=0.999856
Area_1/office_28 full pre k=32 recall=0.999696
Area_1/office_29 full pre k=32 recall=0.999801
Area_1/office_3 full pre k=32 recall=0.999859
Area_1/office_30 full pre k=32 recall=0.999846
Area_1/office_31 full pre k=32 recall=0.999827
Area_1/office_4 full pre k=32 recall=0.999804
Area_1/office_5 full pre k=32 recall=0.999834
Area_1/office_6 full pre k=32 recall=0.999799
Area_1/office_7 full pre k=32 recall=0.999841
Area_1/office_8 full pre k=32 recall=0.999748
Area_1/office_9 full pre k=32 recall=0.999748
Area_1/pantry_1 full pre k=32 recall=0.999943
Area_2/WC_1 full pre k=32 recall=0.999844
Area_2/WC_2 full pre k=32 recall=0.999889
Area_2/auditorium_1 full pre k=32 recall=0.999972
Area_2/auditorium_2 full pre k=32 recall=0.999949
Area_2/conferenceRoom_1 full pre k=32 recall=0.999876
Area_2/hallway_1 full pre k=32 recall=0.999977
Area_2/hallway_10 full pre k=32 recall=0.999985
Area_2/hallway_11 full pre k=32 recall=0.999952
Area_2/hallway_12 full pre k=32 recall=0.999849
Area_2/hallway_2 full pre k=32 recall=0.999926
Area_2/hallway_3 full pre k=32 recall=0.999944
Area_2/hallway_4 full pre k=32 recall=0.999975
Area_2/hallway_5 full pre k=32 recall=0.999964
Area_2/hallway_6 full pre k=32 recall=0.999982
Area_2/hallway_7 full pre k=32 recall=0.999970
Area_2/hallway_8 full pre k=32 recall=0.999989
Area_2/hallway_9 full pre k=32 recall=0.999977
Area_2/office_1 full pre k=32 recall=0.999957
Area_2/office_10 full pre k=32 recall=0.999807
Area_2/office_11 full pre k=32 recall=0.999983
Area_2/office_12 full pre k=32 recall=0.999879
Area_2/office_13 full pre k=32 recall=0.999968
Area_2/office_14 full pre k=32 recall=0.999748
Area_2/office_2 full pre k=32 recall=0.999886
Area_2/office_3 full pre k=32 recall=0.999895
Area_2/office_4 full pre k=32 recall=0.999819
Area_2/office_5 full pre k=32 recall=0.999959
Area_2/office_6 full pre k=32 recall=0.999888
Area_2/office_7 full pre k=32 recall=0.999906
Area_2/office_8 full pre k=32 recall=0.999770
Area_2/office_9 full pre k=32 recall=0.999836
Area_2/storage_1 full pre k=32 recall=0.999941
Area_2/storage_2 full pre k=32 recall=0.999986
Area_2/storage_3 full pre k=32 recall=0.999966
Area_2/storage_4 full pre k=32 recall=0.999936
Area_2/storage_5 full pre k=32 recall=0.999985
Area_2/storage_6 full pre k=32 recall=0.999864
Area_2/storage_7 full pre k=32 recall=0.999913
Area_2/storage_8 full pre k=32 recall=0.999745
Area_2/storage_9 full pre k=32 recall=0.999979
Area_3/WC_1 full pre k=32 recall=0.999965
Area_3/WC_2 full pre k=32 recall=0.999959
Area_3/conferenceRoom_1 full pre k=32 recall=0.999860
Area_3/hallway_1 full pre k=32 recall=0.999978
Area_3/hallway_2 full pre k=32 recall=0.999959
Area_3/hallway_3 full pre k=32 recall=0.999900
Area_3/hallway_4 full pre k=32 recall=0.999985
Area_3/hallway_5 full pre k=32 recall=0.999930
Area_3/hallway_6 full pre k=32 recall=0.999971
Area_3/lounge_1 full pre k=32 recall=0.999946
Area_3/lounge_2 full pre k=32 recall=0.999948
Area_3/office_1 full pre k=32 recall=0.999838
Area_3/office_10 full pre k=32 recall=0.999820
Area_3/office_2 full pre k=32 recall=0.999832
Area_3/office_3 full pre k=32 recall=0.999925
Area_3/office_4 full pre k=32 recall=0.999855
Area_3/office_5 full pre k=32 recall=0.999934
Area_3/office_6 full pre k=32 recall=0.999903
Area_3/office_7 full pre k=32 recall=0.999837
Area_3/office_8 full pre k=32 recall=0.999886
Area_3/office_9 full pre k=32 recall=0.999834
Area_3/storage_1 full pre k=32 recall=0.999897
Area_3/storage_2 full pre k=32 recall=0.999608
Area_4/WC_1 full pre k=32 recall=0.999933
Area_4/WC_2 full pre k=32 recall=0.999943
Area_4/WC_3 full pre k=32 recall=0.999958
Area_4/WC_4 full pre k=32 recall=0.999852
Area_4/conferenceRoom_1 full pre k=32 recall=0.999959
Area_4/conferenceRoom_2 full pre k=32 recall=0.999888
Area_4/conferenceRoom_3 full pre k=32 recall=0.999910
Area_4/hallway_1 full pre k=32 recall=0.999977
Area_4/hallway_10 full pre k=32 recall=0.999985
Area_4/hallway_11 full pre k=32 recall=0.999972
Area_4/hallway_12 full pre k=32 recall=0.999980
Area_4/hallway_13 full pre k=32 recall=0.999802
Area_4/hallway_14 full pre k=32 recall=0.999942
Area_4/hallway_2 full pre k=32 recall=0.999947
Area_4/hallway_3 full pre k=32 recall=0.999973
Area_4/hallway_4 full pre k=32 recall=0.999971
Area_4/hallway_5 full pre k=32 recall=0.999901
Area_4/hallway_6 full pre k=32 recall=0.999981
Area_4/hallway_7 full pre k=32 recall=0.999968
Area_4/hallway_8 full pre k=32 recall=0.999963
Area_4/hallway_9 full pre k=32 recall=0.999970
Area_4/lobby_1 full pre k=32 recall=0.999970
Area_4/lobby_2 full pre k=32 recall=0.999945
Area_4/office_1 full pre k=32 recall=0.999974
Area_4/office_10 full pre k=32 recall=0.999906
Area_4/office_11 full pre k=32 recall=0.999950
Area_4/office_12 full pre k=32 recall=0.999879
Area_4/office_13 full pre k=32 recall=0.999900
Area_4/office_14 full pre k=32 recall=0.999945
Area_4/office_15 full pre k=32 recall=0.999875
Area_4/office_16 full pre k=32 recall=0.999913
Area_4/office_17 full pre k=32 recall=0.999934
Area_4/office_18 full pre k=32 recall=0.999837
Area_4/office_19 full pre k=32 recall=0.999889
Area_4/office_2 full pre k=32 recall=0.999848
Area_4/office_20 full pre k=32 recall=0.999885
Area_4/office_21 full pre k=32 recall=0.999952
Area_4/office_22 full pre k=32 recall=0.999896
Area_4/office_3 full pre k=32 recall=0.999898
Area_4/office_4 full pre k=32 recall=0.999967
Area_4/office_5 full pre k=32 recall=0.999962
Area_4/office_6 full pre k=32 recall=0.999824
Area_4/office_7 full pre k=32 recall=0.999888
Area_4/office_8 full pre k=32 recall=0.999842
Area_4/office_9 full pre k=32 recall=0.999958
Area_4/storage_1 full pre k=32 recall=0.999607
Area_4/storage_2 full pre k=32 recall=0.999985
Area_4/storage_3 full pre k=32 recall=0.999920
Area_4/storage_4 full pre k=32 recall=0.999949
Area_5/WC_1 full pre k=32 recall=0.999920
Area_5/WC_2 full pre k=32 recall=0.999872
Area_5/conferenceRoom_1 full pre k=32 recall=0.999878
Area_5/conferenceRoom_2 full pre k=32 recall=0.999654
Area_5/conferenceRoom_3 full pre k=32 recall=0.999755
Area_5/hallway_1 full pre k=32 recall=0.999807
Area_5/hallway_10 full pre k=32 recall=0.999950
Area_5/hallway_11 full pre k=32 recall=0.999973
Area_5/hallway_12 full pre k=32 recall=0.999963
Area_5/hallway_13 full pre k=32 recall=0.999836
Area_5/hallway_14 full pre k=32 recall=0.999936
Area_5/hallway_15 full pre k=32 recall=0.999813
Area_5/hallway_2 full pre k=32 recall=0.999954
Area_5/hallway_3 full pre k=32 recall=0.999899
Area_5/hallway_4 full pre k=32 recall=0.999963
Area_5/hallway_5 full pre k=32 recall=0.999970
Area_5/hallway_6 full pre k=32 recall=0.999945
Area_5/hallway_7 full pre k=32 recall=0.999746
Area_5/hallway_8 full pre k=32 recall=0.999949
Area_5/hallway_9 full pre k=32 recall=0.999935
Area_5/lobby_1 full pre k=32 recall=0.999565
Area_5/office_1 full pre k=32 recall=0.999759
Area_5/office_10 full pre k=32 recall=0.999793
Area_5/office_11 full pre k=32 recall=0.999800
Area_5/office_12 full pre k=32 recall=0.999887
Area_5/office_13 full pre k=32 recall=0.999847
Area_5/office_14 full pre k=32 recall=0.999875
Area_5/office_15 full pre k=32 recall=0.999906
Area_5/office_16 full pre k=32 recall=0.999745
Area_5/office_17 full pre k=32 recall=0.999879
Area_5/office_18 full pre k=32 recall=0.999936
Area_5/office_19 full pre k=32 recall=0.999696
Area_5/office_2 full pre k=32 recall=0.999803
Area_5/office_20 full pre k=32 recall=0.999531
Area_5/office_21 full pre k=32 recall=0.999794
Area_5/office_22 full pre k=32 recall=0.999907
Area_5/office_23 full pre k=32 recall=0.999902
Area_5/office_24 full pre k=32 recall=0.998321
Area_5/office_25 full pre k=32 recall=0.997585
Area_5/office_26 full pre k=32 recall=0.999916
Area_5/office_27 full pre k=32 recall=0.997980
Area_5/office_28 full pre k=32 recall=0.999823
Area_5/office_29 full pre k=32 recall=0.999784
Area_5/office_3 full pre k=32 recall=0.999832
Area_5/office_30 full pre k=32 recall=0.999836
Area_5/office_31 full pre k=32 recall=0.999791
Area_5/office_32 full pre k=32 recall=0.999882
Area_5/office_33 full pre k=32 recall=0.999756
Area_5/office_34 full pre k=32 recall=0.999892
Area_5/office_35 full pre k=32 recall=0.999809
Area_5/office_36 full pre k=32 recall=0.999820
Area_5/office_37 full pre k=32 recall=0.999444
Area_5/office_38 full pre k=32 recall=0.999789
Area_5/office_39 full pre k=32 recall=0.999874
Area_5/office_4 full pre k=32 recall=0.999745
Area_5/office_40 full pre k=32 recall=0.999725
Area_5/office_41 full pre k=32 recall=0.999860
Area_5/office_42 full pre k=32 recall=0.999866
Area_5/office_5 full pre k=32 recall=0.999913
Area_5/office_6 full pre k=32 recall=0.999908
Area_5/office_7 full pre k=32 recall=0.999756
Area_5/office_8 full pre k=32 recall=0.999827
Area_5/office_9 full pre k=32 recall=0.999779
Area_5/pantry_1 full pre k=32 recall=0.999928
Area_5/storage_1 full pre k=32 recall=0.999573
Area_5/storage_2 full pre k=32 recall=0.999526
Area_5/storage_3 full pre k=32 recall=0.999250
Area_5/storage_4 full pre k=32 recall=0.999574
Area_6/conferenceRoom_1 full pre k=32 recall=0.999816
Area_6/copyRoom_1 full pre k=32 recall=0.999867
Area_6/hallway_1 full pre k=32 recall=0.999963
Area_6/hallway_2 full pre k=32 recall=0.999978
Area_6/hallway_3 full pre k=32 recall=0.999982
Area_6/hallway_4 full pre k=32 recall=0.999975
Area_6/hallway_5 full pre k=32 recall=0.999981
Area_6/hallway_6 full pre k=32 recall=0.999904
Area_6/lounge_1 full pre k=32 recall=0.999673
Area_6/office_1 full pre k=32 recall=0.999836
Area_6/office_10 full pre k=32 recall=0.999805
Area_6/office_11 full pre k=32 recall=0.999727
Area_6/office_12 full pre k=32 recall=0.999829
Area_6/office_13 full pre k=32 recall=0.999947
Area_6/office_14 full pre k=32 recall=0.999853
Area_6/office_15 full pre k=32 recall=0.999918
Area_6/office_16 full pre k=32 recall=0.999956
Area_6/office_17 full pre k=32 recall=0.999897
Area_6/office_18 full pre k=32 recall=0.999924
Area_6/office_19 full pre k=32 recall=0.999892
Area_6/office_2 full pre k=32 recall=0.999895
Area_6/office_20 full pre k=32 recall=0.999875
Area_6/office_21 full pre k=32 recall=0.999867
Area_6/office_22 full pre k=32 recall=0.999872
Area_6/office_23 full pre k=32 recall=0.999909
Area_6/office_24 full pre k=32 recall=0.999841
Area_6/office_25 full pre k=32 recall=0.999886
Area_6/office_26 full pre k=32 recall=0.999881
Area_6/office_27 full pre k=32 recall=0.999880
Area_6/office_28 full pre k=32 recall=0.999860
Area_6/office_29 full pre k=32 recall=0.999923
Area_6/office_3 full pre k=32 recall=0.999684
Area_6/office_30 full pre k=32 recall=0.999786
Area_6/office_31 full pre k=32 recall=0.999899
Area_6/office_32 full pre k=32 recall=0.999856
Area_6/office_33 full pre k=32 recall=0.999866
Area_6/office_34 full pre k=32 recall=0.999902
Area_6/office_35 full pre k=32 recall=0.999667
Area_6/office_36 full pre k=32 recall=0.999864
Area_6/office_37 full pre k=32 recall=0.999824
Area_6/office_4 full pre k=32 recall=0.999896
Area_6/office_5 full pre k=32 recall=0.999965
Area_6/office_6 full pre k=32 recall=0.999801
Area_6/office_7 full pre k=32 recall=0.999894
Area_6/office_8 full pre k=32 recall=0.999841
Area_6/office_9 full pre k=32 recall=0.999882
Area_6/openspace_1 full pre k=32 recall=0.999816
Area_6/pantry_1 full pre k=32 recall=0.999914
Saved 272 records to results/L20/l20_stale_candidate_fix_complete_20260824/query/s3dis_full_k32_refresh.json
