Area_1/WC_1 sample_part pre k=8 recall=0.999943
Area_1/WC_1 sample_part pre k=16 recall=0.999976
Area_1/WC_1 sample_part pre k=24 recall=0.999974
Area_1/WC_1 sample_part pre k=32 recall=0.999935
Area_1/WC_1 sample_part pre k=48 recall=0.999126
Area_1/WC_1 sample_part pre k=64 recall=0.993118
Area_1/WC_1 sample_part post k=8 recall=0.999955
Area_1/WC_1 sample_part post k=16 recall=0.999975
Area_1/WC_1 sample_part post k=24 recall=0.999969
Area_1/WC_1 sample_part post k=32 recall=0.999871
Area_1/WC_1 sample_part post k=48 recall=0.998494
Area_1/WC_1 sample_part post k=64 recall=0.991595
Area_1/conferenceRoom_1 sample_part pre k=8 recall=0.999935
Area_1/conferenceRoom_1 sample_part pre k=16 recall=0.999940
Area_1/conferenceRoom_1 sample_part pre k=24 recall=0.999882
Area_1/conferenceRoom_1 sample_part pre k=32 recall=0.999789
Area_1/conferenceRoom_1 sample_part pre k=48 recall=0.999025
Area_1/conferenceRoom_1 sample_part pre k=64 recall=0.993102
Area_1/conferenceRoom_1 sample_part post k=8 recall=0.999949
Area_1/conferenceRoom_1 sample_part post k=16 recall=0.999888
Area_1/conferenceRoom_1 sample_part post k=24 recall=0.999765
Area_1/conferenceRoom_1 sample_part post k=32 recall=0.999554
Area_1/conferenceRoom_1 sample_part post k=48 recall=0.998228
Area_1/conferenceRoom_1 sample_part post k=64 recall=0.991480
Area_1/conferenceRoom_2 sample_part pre k=8 recall=0.999956
Area_1/conferenceRoom_2 sample_part pre k=16 recall=0.999961
Area_1/conferenceRoom_2 sample_part pre k=24 recall=0.999922
Area_1/conferenceRoom_2 sample_part pre k=32 recall=0.999778
Area_1/conferenceRoom_2 sample_part pre k=48 recall=0.998749
Area_1/conferenceRoom_2 sample_part pre k=64 recall=0.993531
Area_1/conferenceRoom_2 sample_part post k=8 recall=0.999957
Area_1/conferenceRoom_2 sample_part post k=16 recall=0.999931
Area_1/conferenceRoom_2 sample_part post k=24 recall=0.999835
Area_1/conferenceRoom_2 sample_part post k=32 recall=0.999547
Area_1/conferenceRoom_2 sample_part post k=48 recall=0.997745
Area_1/conferenceRoom_2 sample_part post k=64 recall=0.991485
Area_1/hallway_6 sample_part pre k=8 recall=0.999930
Area_1/hallway_6 sample_part pre k=16 recall=0.999950
Area_1/hallway_6 sample_part pre k=24 recall=0.999941
Area_1/hallway_6 sample_part pre k=32 recall=0.999906
Area_1/hallway_6 sample_part pre k=48 recall=0.999160
Area_1/hallway_6 sample_part pre k=64 recall=0.993235
Area_1/hallway_6 sample_part post k=8 recall=0.999908
Area_1/hallway_6 sample_part post k=16 recall=0.999897
Area_1/hallway_6 sample_part post k=24 recall=0.999866
Area_1/hallway_6 sample_part post k=32 recall=0.999792
Area_1/hallway_6 sample_part post k=48 recall=0.998484
Area_1/hallway_6 sample_part post k=64 recall=0.991761
Area_1/hallway_7 sample_part pre k=8 recall=0.999948
Area_1/hallway_7 sample_part pre k=16 recall=0.999934
Area_1/hallway_7 sample_part pre k=24 recall=0.999870
Area_1/hallway_7 sample_part pre k=32 recall=0.999773
Area_1/hallway_7 sample_part pre k=48 recall=0.998951
Area_1/hallway_7 sample_part pre k=64 recall=0.992838
Area_1/hallway_7 sample_part post k=8 recall=0.999945
Area_1/hallway_7 sample_part post k=16 recall=0.999885
Area_1/hallway_7 sample_part post k=24 recall=0.999761
Area_1/hallway_7 sample_part post k=32 recall=0.999599
Area_1/hallway_7 sample_part post k=48 recall=0.998197
Area_1/hallway_7 sample_part post k=64 recall=0.991204
Area_1/hallway_8 sample_part pre k=8 recall=0.999910
Area_1/hallway_8 sample_part pre k=16 recall=0.999941
Area_1/hallway_8 sample_part pre k=24 recall=0.999948
Area_1/hallway_8 sample_part pre k=32 recall=0.999912
Area_1/hallway_8 sample_part pre k=48 recall=0.999257
Area_1/hallway_8 sample_part pre k=64 recall=0.993764
Area_1/hallway_8 sample_part post k=8 recall=0.999922
Area_1/hallway_8 sample_part post k=16 recall=0.999927
Area_1/hallway_8 sample_part post k=24 recall=0.999941
Area_1/hallway_8 sample_part post k=32 recall=0.999879
Area_1/hallway_8 sample_part post k=48 recall=0.998714
Area_1/hallway_8 sample_part post k=64 recall=0.992545
Area_1/office_16 sample_part pre k=8 recall=0.999928
Area_1/office_16 sample_part pre k=16 recall=0.999941
Area_1/office_16 sample_part pre k=24 recall=0.999898
Area_1/office_16 sample_part pre k=32 recall=0.999795
Area_1/office_16 sample_part pre k=48 recall=0.998866
Area_1/office_16 sample_part pre k=64 recall=0.993331
Area_1/office_16 sample_part post k=8 recall=0.999924
Area_1/office_16 sample_part post k=16 recall=0.999890
Area_1/office_16 sample_part post k=24 recall=0.999793
Area_1/office_16 sample_part post k=32 recall=0.999569
Area_1/office_16 sample_part post k=48 recall=0.997935
Area_1/office_16 sample_part post k=64 recall=0.991338
Area_1/office_30 sample_part pre k=8 recall=0.999934
Area_1/office_30 sample_part pre k=16 recall=0.999942
Area_1/office_30 sample_part pre k=24 recall=0.999912
Area_1/office_30 sample_part pre k=32 recall=0.999734
Area_1/office_30 sample_part pre k=48 recall=0.998303
Area_1/office_30 sample_part pre k=64 recall=0.991959
Area_1/office_30 sample_part post k=8 recall=0.999935
Area_1/office_30 sample_part post k=16 recall=0.999894
Area_1/office_30 sample_part post k=24 recall=0.999819
Area_1/office_30 sample_part post k=32 recall=0.999476
Area_1/office_30 sample_part post k=48 recall=0.997144
Area_1/office_30 sample_part post k=64 recall=0.989391
Area_1/office_31 sample_part pre k=8 recall=0.999931
Area_1/office_31 sample_part pre k=16 recall=0.999935
Area_1/office_31 sample_part pre k=24 recall=0.999869
Area_1/office_31 sample_part pre k=32 recall=0.999734
Area_1/office_31 sample_part pre k=48 recall=0.998789
Area_1/office_31 sample_part pre k=64 recall=0.993109
Area_1/office_31 sample_part post k=8 recall=0.999921
Area_1/office_31 sample_part post k=16 recall=0.999884
Area_1/office_31 sample_part post k=24 recall=0.999743
Area_1/office_31 sample_part post k=32 recall=0.999488
Area_1/office_31 sample_part post k=48 recall=0.997860
Area_1/office_31 sample_part post k=64 recall=0.991263
Area_2/auditorium_1 sample_part pre k=8 recall=0.999950
Area_2/auditorium_1 sample_part pre k=16 recall=0.999973
Area_2/auditorium_1 sample_part pre k=24 recall=0.999955
Area_2/auditorium_1 sample_part pre k=32 recall=0.999929
Area_2/auditorium_1 sample_part pre k=48 recall=0.999508
Area_2/auditorium_1 sample_part pre k=64 recall=0.994981
Area_2/auditorium_1 sample_part post k=8 recall=0.999949
Area_2/auditorium_1 sample_part post k=16 recall=0.999959
Area_2/auditorium_1 sample_part post k=24 recall=0.999920
Area_2/auditorium_1 sample_part post k=32 recall=0.999854
Area_2/auditorium_1 sample_part post k=48 recall=0.999114
Area_2/auditorium_1 sample_part post k=64 recall=0.994113
Area_2/auditorium_2 sample_part pre k=8 recall=0.999959
Area_2/auditorium_2 sample_part pre k=16 recall=0.999949
Area_2/auditorium_2 sample_part pre k=24 recall=0.999919
Area_2/auditorium_2 sample_part pre k=32 recall=0.999840
Area_2/auditorium_2 sample_part pre k=48 recall=0.999036
Area_2/auditorium_2 sample_part pre k=64 recall=0.994043
Area_2/auditorium_2 sample_part post k=8 recall=0.999958
Area_2/auditorium_2 sample_part post k=16 recall=0.999910
Area_2/auditorium_2 sample_part post k=24 recall=0.999813
Area_2/auditorium_2 sample_part post k=32 recall=0.999652
Area_2/auditorium_2 sample_part post k=48 recall=0.998248
Area_2/auditorium_2 sample_part post k=64 recall=0.992364
Area_2/conferenceRoom_1 sample_part pre k=8 recall=0.999932
Area_2/conferenceRoom_1 sample_part pre k=16 recall=0.999919
Area_2/conferenceRoom_1 sample_part pre k=24 recall=0.999873
Area_2/conferenceRoom_1 sample_part pre k=32 recall=0.999799
Area_2/conferenceRoom_1 sample_part pre k=48 recall=0.999262
Area_2/conferenceRoom_1 sample_part pre k=64 recall=0.994238
Area_2/conferenceRoom_1 sample_part post k=8 recall=0.999915
Area_2/conferenceRoom_1 sample_part post k=16 recall=0.999863
Area_2/conferenceRoom_1 sample_part post k=24 recall=0.999735
Area_2/conferenceRoom_1 sample_part post k=32 recall=0.999597
Area_2/conferenceRoom_1 sample_part post k=48 recall=0.998676
Area_2/conferenceRoom_1 sample_part post k=64 recall=0.993103
Area_2/hallway_10 sample_part pre k=8 recall=0.999945
Area_2/hallway_10 sample_part pre k=16 recall=0.999982
Area_2/hallway_10 sample_part pre k=24 recall=0.999985
Area_2/hallway_10 sample_part pre k=32 recall=0.999976
Area_2/hallway_10 sample_part pre k=48 recall=0.999652
Area_2/hallway_10 sample_part pre k=64 recall=0.995141
Area_2/hallway_10 sample_part post k=8 recall=0.999934
Area_2/hallway_10 sample_part post k=16 recall=0.999988
Area_2/hallway_10 sample_part post k=24 recall=0.999982
Area_2/hallway_10 sample_part post k=32 recall=0.999958
Area_2/hallway_10 sample_part post k=48 recall=0.999385
Area_2/hallway_10 sample_part post k=64 recall=0.994453
Area_2/hallway_12 sample_part pre k=8 recall=0.999931
Area_2/hallway_12 sample_part pre k=16 recall=0.999937
Area_2/hallway_12 sample_part pre k=24 recall=0.999893
Area_2/hallway_12 sample_part pre k=32 recall=0.999808
Area_2/hallway_12 sample_part pre k=48 recall=0.999182
Area_2/hallway_12 sample_part pre k=64 recall=0.994347
Area_2/hallway_12 sample_part post k=8 recall=0.999940
Area_2/hallway_12 sample_part post k=16 recall=0.999889
Area_2/hallway_12 sample_part post k=24 recall=0.999785
Area_2/hallway_12 sample_part post k=32 recall=0.999619
Area_2/hallway_12 sample_part post k=48 recall=0.998546
Area_2/hallway_12 sample_part post k=64 recall=0.993076
Area_2/hallway_2 sample_part pre k=8 recall=0.999958
Area_2/hallway_2 sample_part pre k=16 recall=0.999974
Area_2/hallway_2 sample_part pre k=24 recall=0.999953
Area_2/hallway_2 sample_part pre k=32 recall=0.999908
Area_2/hallway_2 sample_part pre k=48 recall=0.999586
Area_2/hallway_2 sample_part pre k=64 recall=0.995656
Area_2/hallway_2 sample_part post k=8 recall=0.999966
Area_2/hallway_2 sample_part post k=16 recall=0.999960
Area_2/hallway_2 sample_part post k=24 recall=0.999929
Area_2/hallway_2 sample_part post k=32 recall=0.999839
Area_2/hallway_2 sample_part post k=48 recall=0.999319
Area_2/hallway_2 sample_part post k=64 recall=0.995085
Area_2/hallway_3 sample_part pre k=8 recall=0.999956
Area_2/hallway_3 sample_part pre k=16 recall=0.999984
Area_2/hallway_3 sample_part pre k=24 recall=0.999970
Area_2/hallway_3 sample_part pre k=32 recall=0.999935
Area_2/hallway_3 sample_part pre k=48 recall=0.999620
Area_2/hallway_3 sample_part pre k=64 recall=0.995571
Area_2/hallway_3 sample_part post k=8 recall=0.999960
Area_2/hallway_3 sample_part post k=16 recall=0.999976
Area_2/hallway_3 sample_part post k=24 recall=0.999952
Area_2/hallway_3 sample_part post k=32 recall=0.999886
Area_2/hallway_3 sample_part post k=48 recall=0.999398
Area_2/hallway_3 sample_part post k=64 recall=0.995174
Area_2/hallway_5 sample_part pre k=8 recall=0.999951
Area_2/hallway_5 sample_part pre k=16 recall=0.999973
Area_2/hallway_5 sample_part pre k=24 recall=0.999962
Area_2/hallway_5 sample_part pre k=32 recall=0.999911
Area_2/hallway_5 sample_part pre k=48 recall=0.999460
Area_2/hallway_5 sample_part pre k=64 recall=0.994157
Area_2/hallway_5 sample_part post k=8 recall=0.999945
Area_2/hallway_5 sample_part post k=16 recall=0.999963
Area_2/hallway_5 sample_part post k=24 recall=0.999938
Area_2/hallway_5 sample_part post k=32 recall=0.999849
Area_2/hallway_5 sample_part post k=48 recall=0.999092
Area_2/hallway_5 sample_part post k=64 recall=0.993399
Area_2/hallway_8 sample_part pre k=8 recall=0.999951
Area_2/hallway_8 sample_part pre k=16 recall=0.999981
Area_2/hallway_8 sample_part pre k=24 recall=0.999983
Area_2/hallway_8 sample_part pre k=32 recall=0.999983
Area_2/hallway_8 sample_part pre k=48 recall=0.999653
Area_2/hallway_8 sample_part pre k=64 recall=0.995020
Area_2/hallway_8 sample_part post k=8 recall=0.999962
Area_2/hallway_8 sample_part post k=16 recall=0.999978
Area_2/hallway_8 sample_part post k=24 recall=0.999983
Area_2/hallway_8 sample_part post k=32 recall=0.999974
Area_2/hallway_8 sample_part post k=48 recall=0.999394
Area_2/hallway_8 sample_part post k=64 recall=0.994291
Area_2/office_14 sample_part pre k=8 recall=0.999955
Area_2/office_14 sample_part pre k=16 recall=0.999959
Area_2/office_14 sample_part pre k=24 recall=0.999915
Area_2/office_14 sample_part pre k=32 recall=0.999791
Area_2/office_14 sample_part pre k=48 recall=0.998558
Area_2/office_14 sample_part pre k=64 recall=0.992872
Area_2/office_14 sample_part post k=8 recall=0.999962
Area_2/office_14 sample_part post k=16 recall=0.999931
Area_2/office_14 sample_part post k=24 recall=0.999834
Area_2/office_14 sample_part post k=32 recall=0.999586
Area_2/office_14 sample_part post k=48 recall=0.997460
Area_2/office_14 sample_part post k=64 recall=0.990385
Area_2/office_4 sample_part pre k=8 recall=0.999936
Area_2/office_4 sample_part pre k=16 recall=0.999903
Area_2/office_4 sample_part pre k=24 recall=0.999831
Area_2/office_4 sample_part pre k=32 recall=0.999738
Area_2/office_4 sample_part pre k=48 recall=0.999329
Area_2/office_4 sample_part pre k=64 recall=0.995238
Area_2/office_4 sample_part post k=8 recall=0.999914
Area_2/office_4 sample_part post k=16 recall=0.999797
Area_2/office_4 sample_part post k=24 recall=0.999635
Area_2/office_4 sample_part post k=32 recall=0.999445
Area_2/office_4 sample_part post k=48 recall=0.998701
Area_2/office_4 sample_part post k=64 recall=0.994140
Area_2/office_5 sample_part pre k=8 recall=0.999958
Area_2/office_5 sample_part pre k=16 recall=0.999984
Area_2/office_5 sample_part pre k=24 recall=0.999976
Area_2/office_5 sample_part pre k=32 recall=0.999952
Area_2/office_5 sample_part pre k=48 recall=0.999615
Area_2/office_5 sample_part pre k=64 recall=0.996526
Area_2/office_5 sample_part post k=8 recall=0.999972
Area_2/office_5 sample_part post k=16 recall=0.999984
Area_2/office_5 sample_part post k=24 recall=0.999967
Area_2/office_5 sample_part post k=32 recall=0.999917
Area_2/office_5 sample_part post k=48 recall=0.999318
Area_2/office_5 sample_part post k=64 recall=0.995853
Area_3/WC_1 sample_part pre k=8 recall=0.999934
Area_3/WC_1 sample_part pre k=16 recall=0.999969
Area_3/WC_1 sample_part pre k=24 recall=0.999978
Area_3/WC_1 sample_part pre k=32 recall=0.999961
Area_3/WC_1 sample_part pre k=48 recall=0.999316
Area_3/WC_1 sample_part pre k=64 recall=0.993587
Area_3/WC_1 sample_part post k=8 recall=0.999934
Area_3/WC_1 sample_part post k=16 recall=0.999974
Area_3/WC_1 sample_part post k=24 recall=0.999979
Area_3/WC_1 sample_part post k=32 recall=0.999938
Area_3/WC_1 sample_part post k=48 recall=0.998802
Area_3/WC_1 sample_part post k=64 recall=0.992342
Area_3/WC_2 sample_part pre k=8 recall=0.999949
Area_3/WC_2 sample_part pre k=16 recall=0.999969
Area_3/WC_2 sample_part pre k=24 recall=0.999972
Area_3/WC_2 sample_part pre k=32 recall=0.999949
Area_3/WC_2 sample_part pre k=48 recall=0.999408
Area_3/WC_2 sample_part pre k=64 recall=0.994140
Area_3/WC_2 sample_part post k=8 recall=0.999962
Area_3/WC_2 sample_part post k=16 recall=0.999969
Area_3/WC_2 sample_part post k=24 recall=0.999957
Area_3/WC_2 sample_part post k=32 recall=0.999897
Area_3/WC_2 sample_part post k=48 recall=0.998914
Area_3/WC_2 sample_part post k=64 recall=0.992958
Area_3/conferenceRoom_1 sample_part pre k=8 recall=0.999929
Area_3/conferenceRoom_1 sample_part pre k=16 recall=0.999964
Area_3/conferenceRoom_1 sample_part pre k=24 recall=0.999934
Area_3/conferenceRoom_1 sample_part pre k=32 recall=0.999842
Area_3/conferenceRoom_1 sample_part pre k=48 recall=0.999136
Area_3/conferenceRoom_1 sample_part pre k=64 recall=0.994028
Area_3/conferenceRoom_1 sample_part post k=8 recall=0.999953
Area_3/conferenceRoom_1 sample_part post k=16 recall=0.999961
Area_3/conferenceRoom_1 sample_part post k=24 recall=0.999878
Area_3/conferenceRoom_1 sample_part post k=32 recall=0.999692
Area_3/conferenceRoom_1 sample_part post k=48 recall=0.998496
Area_3/conferenceRoom_1 sample_part post k=64 recall=0.992649
Area_3/hallway_2 sample_part pre k=8 recall=0.999944
Area_3/hallway_2 sample_part pre k=16 recall=0.999969
Area_3/hallway_2 sample_part pre k=24 recall=0.999969
Area_3/hallway_2 sample_part pre k=32 recall=0.999955
Area_3/hallway_2 sample_part pre k=48 recall=0.999543
Area_3/hallway_2 sample_part pre k=64 recall=0.994360
Area_3/hallway_2 sample_part post k=8 recall=0.999966
Area_3/hallway_2 sample_part post k=16 recall=0.999964
Area_3/hallway_2 sample_part post k=24 recall=0.999960
Area_3/hallway_2 sample_part post k=32 recall=0.999931
Area_3/hallway_2 sample_part post k=48 recall=0.999207
Area_3/hallway_2 sample_part post k=64 recall=0.993559
Area_3/hallway_4 sample_part pre k=8 recall=0.999946
Area_3/hallway_4 sample_part pre k=16 recall=0.999976
Area_3/hallway_4 sample_part pre k=24 recall=0.999984
Area_3/hallway_4 sample_part pre k=32 recall=0.999981
Area_3/hallway_4 sample_part pre k=48 recall=0.999729
Area_3/hallway_4 sample_part pre k=64 recall=0.994802
Area_3/hallway_4 sample_part post k=8 recall=0.999960
Area_3/hallway_4 sample_part post k=16 recall=0.999978
Area_3/hallway_4 sample_part post k=24 recall=0.999987
Area_3/hallway_4 sample_part post k=32 recall=0.999980
Area_3/hallway_4 sample_part post k=48 recall=0.999556
Area_3/hallway_4 sample_part post k=64 recall=0.994382
Area_3/lounge_1 sample_part pre k=8 recall=0.999934
Area_3/lounge_1 sample_part pre k=16 recall=0.999965
Area_3/lounge_1 sample_part pre k=24 recall=0.999968
Area_3/lounge_1 sample_part pre k=32 recall=0.999936
Area_3/lounge_1 sample_part pre k=48 recall=0.999501
Area_3/lounge_1 sample_part pre k=64 recall=0.994461
Area_3/lounge_1 sample_part post k=8 recall=0.999949
Area_3/lounge_1 sample_part post k=16 recall=0.999971
Area_3/lounge_1 sample_part post k=24 recall=0.999956
Area_3/lounge_1 sample_part post k=32 recall=0.999893
Area_3/lounge_1 sample_part post k=48 recall=0.999136
Area_3/lounge_1 sample_part post k=64 recall=0.993576
Area_3/lounge_2 sample_part pre k=8 recall=0.999923
Area_3/lounge_2 sample_part pre k=16 recall=0.999962
Area_3/lounge_2 sample_part pre k=24 recall=0.999959
Area_3/lounge_2 sample_part pre k=32 recall=0.999909
Area_3/lounge_2 sample_part pre k=48 recall=0.999286
Area_3/lounge_2 sample_part pre k=64 recall=0.993714
Area_3/lounge_2 sample_part post k=8 recall=0.999927
Area_3/lounge_2 sample_part post k=16 recall=0.999964
Area_3/lounge_2 sample_part post k=24 recall=0.999935
Area_3/lounge_2 sample_part post k=32 recall=0.999810
Area_3/lounge_2 sample_part post k=48 recall=0.998732
Area_3/lounge_2 sample_part post k=64 recall=0.992558
Area_3/office_8 sample_part pre k=8 recall=0.999953
Area_3/office_8 sample_part pre k=16 recall=0.999966
Area_3/office_8 sample_part pre k=24 recall=0.999943
Area_3/office_8 sample_part pre k=32 recall=0.999860
Area_3/office_8 sample_part pre k=48 recall=0.998980
Area_3/office_8 sample_part pre k=64 recall=0.994090
Area_3/office_8 sample_part post k=8 recall=0.999939
Area_3/office_8 sample_part post k=16 recall=0.999947
Area_3/office_8 sample_part post k=24 recall=0.999876
Area_3/office_8 sample_part post k=32 recall=0.999715
Area_3/office_8 sample_part post k=48 recall=0.998212
Area_3/office_8 sample_part post k=64 recall=0.992339
Area_4/conferenceRoom_1 sample_part pre k=8 recall=0.999910
Area_4/conferenceRoom_1 sample_part pre k=16 recall=0.999958
Area_4/conferenceRoom_1 sample_part pre k=24 recall=0.999965
Area_4/conferenceRoom_1 sample_part pre k=32 recall=0.999944
Area_4/conferenceRoom_1 sample_part pre k=48 recall=0.999465
Area_4/conferenceRoom_1 sample_part pre k=64 recall=0.993818
Area_4/conferenceRoom_1 sample_part post k=8 recall=0.999912
Area_4/conferenceRoom_1 sample_part post k=16 recall=0.999956
Area_4/conferenceRoom_1 sample_part post k=24 recall=0.999959
Area_4/conferenceRoom_1 sample_part post k=32 recall=0.999911
Area_4/conferenceRoom_1 sample_part post k=48 recall=0.999066
Area_4/conferenceRoom_1 sample_part post k=64 recall=0.992921
Area_4/conferenceRoom_2 sample_part pre k=8 recall=0.999921
Area_4/conferenceRoom_2 sample_part pre k=16 recall=0.999958
Area_4/conferenceRoom_2 sample_part pre k=24 recall=0.999936
Area_4/conferenceRoom_2 sample_part pre k=32 recall=0.999870
Area_4/conferenceRoom_2 sample_part pre k=48 recall=0.999239
Area_4/conferenceRoom_2 sample_part pre k=64 recall=0.994035
Area_4/conferenceRoom_2 sample_part post k=8 recall=0.999925
Area_4/conferenceRoom_2 sample_part post k=16 recall=0.999944
Area_4/conferenceRoom_2 sample_part post k=24 recall=0.999894
Area_4/conferenceRoom_2 sample_part post k=32 recall=0.999751
Area_4/conferenceRoom_2 sample_part post k=48 recall=0.998624
Area_4/conferenceRoom_2 sample_part post k=64 recall=0.992673
Area_4/conferenceRoom_3 sample_part pre k=8 recall=0.999922
Area_4/conferenceRoom_3 sample_part pre k=16 recall=0.999960
Area_4/conferenceRoom_3 sample_part pre k=24 recall=0.999949
Area_4/conferenceRoom_3 sample_part pre k=32 recall=0.999902
Area_4/conferenceRoom_3 sample_part pre k=48 recall=0.999388
Area_4/conferenceRoom_3 sample_part pre k=64 recall=0.994303
Area_4/conferenceRoom_3 sample_part post k=8 recall=0.999933
Area_4/conferenceRoom_3 sample_part post k=16 recall=0.999949
Area_4/conferenceRoom_3 sample_part post k=24 recall=0.999912
Area_4/conferenceRoom_3 sample_part post k=32 recall=0.999799
Area_4/conferenceRoom_3 sample_part post k=48 recall=0.998862
Area_4/conferenceRoom_3 sample_part post k=64 recall=0.993145
Area_4/hallway_1 sample_part pre k=8 recall=0.999913
Area_4/hallway_1 sample_part pre k=16 recall=0.999955
Area_4/hallway_1 sample_part pre k=24 recall=0.999966
Area_4/hallway_1 sample_part pre k=32 recall=0.999950
Area_4/hallway_1 sample_part pre k=48 recall=0.999490
Area_4/hallway_1 sample_part pre k=64 recall=0.994257
Area_4/hallway_1 sample_part post k=8 recall=0.999920
Area_4/hallway_1 sample_part post k=16 recall=0.999944
Area_4/hallway_1 sample_part post k=24 recall=0.999949
Area_4/hallway_1 sample_part post k=32 recall=0.999912
Area_4/hallway_1 sample_part post k=48 recall=0.999105
Area_4/hallway_1 sample_part post k=64 recall=0.993417
Area_4/hallway_10 sample_part pre k=8 recall=0.999935
Area_4/hallway_10 sample_part pre k=16 recall=0.999968
Area_4/hallway_10 sample_part pre k=24 recall=0.999977
Area_4/hallway_10 sample_part pre k=32 recall=0.999984
Area_4/hallway_10 sample_part pre k=48 recall=0.999823
Area_4/hallway_10 sample_part pre k=64 recall=0.995345
Area_4/hallway_10 sample_part post k=8 recall=0.999939
Area_4/hallway_10 sample_part post k=16 recall=0.999962
Area_4/hallway_10 sample_part post k=24 recall=0.999973
Area_4/hallway_10 sample_part post k=32 recall=0.999983
Area_4/hallway_10 sample_part post k=48 recall=0.999762
Area_4/hallway_10 sample_part post k=64 recall=0.995223
Area_4/hallway_14 sample_part pre k=8 recall=0.999929
Area_4/hallway_14 sample_part pre k=16 recall=0.999963
Area_4/hallway_14 sample_part pre k=24 recall=0.999960
Area_4/hallway_14 sample_part pre k=32 recall=0.999933
Area_4/hallway_14 sample_part pre k=48 recall=0.999492
Area_4/hallway_14 sample_part pre k=64 recall=0.994677
Area_4/hallway_14 sample_part post k=8 recall=0.999940
Area_4/hallway_14 sample_part post k=16 recall=0.999961
Area_4/hallway_14 sample_part post k=24 recall=0.999945
Area_4/hallway_14 sample_part post k=32 recall=0.999889
Area_4/hallway_14 sample_part post k=48 recall=0.999127
Area_4/hallway_14 sample_part post k=64 recall=0.993877
Area_4/hallway_2 sample_part pre k=8 recall=0.999914
Area_4/hallway_2 sample_part pre k=16 recall=0.999954
Area_4/hallway_2 sample_part pre k=24 recall=0.999958
Area_4/hallway_2 sample_part pre k=32 recall=0.999936
Area_4/hallway_2 sample_part pre k=48 recall=0.999282
Area_4/hallway_2 sample_part pre k=64 recall=0.993376
Area_4/hallway_2 sample_part post k=8 recall=0.999910
Area_4/hallway_2 sample_part post k=16 recall=0.999951
Area_4/hallway_2 sample_part post k=24 recall=0.999942
Area_4/hallway_2 sample_part post k=32 recall=0.999871
Area_4/hallway_2 sample_part post k=48 recall=0.998814
Area_4/hallway_2 sample_part post k=64 recall=0.992427
Area_4/hallway_3 sample_part pre k=8 recall=0.999934
Area_4/hallway_3 sample_part pre k=16 recall=0.999955
Area_4/hallway_3 sample_part pre k=24 recall=0.999954
Area_4/hallway_3 sample_part pre k=32 recall=0.999943
Area_4/hallway_3 sample_part pre k=48 recall=0.999550
Area_4/hallway_3 sample_part pre k=64 recall=0.994582
Area_4/hallway_3 sample_part post k=8 recall=0.999943
Area_4/hallway_3 sample_part post k=16 recall=0.999948
Area_4/hallway_3 sample_part post k=24 recall=0.999946
Area_4/hallway_3 sample_part post k=32 recall=0.999927
Area_4/hallway_3 sample_part post k=48 recall=0.999279
Area_4/hallway_3 sample_part post k=64 recall=0.993914
Area_4/hallway_4 sample_part pre k=8 recall=0.999927
Area_4/hallway_4 sample_part pre k=16 recall=0.999967
Area_4/hallway_4 sample_part pre k=24 recall=0.999969
Area_4/hallway_4 sample_part pre k=32 recall=0.999947
Area_4/hallway_4 sample_part pre k=48 recall=0.999617
Area_4/hallway_4 sample_part pre k=64 recall=0.994770
Area_4/hallway_4 sample_part post k=8 recall=0.999922
Area_4/hallway_4 sample_part post k=16 recall=0.999967
Area_4/hallway_4 sample_part post k=24 recall=0.999957
Area_4/hallway_4 sample_part post k=32 recall=0.999894
Area_4/hallway_4 sample_part post k=48 recall=0.999359
Area_4/hallway_4 sample_part post k=64 recall=0.994268
Area_4/hallway_7 sample_part pre k=8 recall=0.999923
Area_4/hallway_7 sample_part pre k=16 recall=0.999962
Area_4/hallway_7 sample_part pre k=24 recall=0.999973
Area_4/hallway_7 sample_part pre k=32 recall=0.999967
Area_4/hallway_7 sample_part pre k=48 recall=0.999643
Area_4/hallway_7 sample_part pre k=64 recall=0.994736
Area_4/hallway_7 sample_part post k=8 recall=0.999920
Area_4/hallway_7 sample_part post k=16 recall=0.999958
Area_4/hallway_7 sample_part post k=24 recall=0.999968
Area_4/hallway_7 sample_part post k=32 recall=0.999943
Area_4/hallway_7 sample_part post k=48 recall=0.999362
Area_4/hallway_7 sample_part post k=64 recall=0.994083
Area_4/lobby_1 sample_part pre k=8 recall=0.999946
Area_4/lobby_1 sample_part pre k=16 recall=0.999979
Area_4/lobby_1 sample_part pre k=24 recall=0.999972
Area_4/lobby_1 sample_part pre k=32 recall=0.999923
Area_4/lobby_1 sample_part pre k=48 recall=0.999406
Area_4/lobby_1 sample_part pre k=64 recall=0.995195
Area_4/lobby_1 sample_part post k=8 recall=0.999958
Area_4/lobby_1 sample_part post k=16 recall=0.999967
Area_4/lobby_1 sample_part post k=24 recall=0.999955
Area_4/lobby_1 sample_part post k=32 recall=0.999860
Area_4/lobby_1 sample_part post k=48 recall=0.998945
Area_4/lobby_1 sample_part post k=64 recall=0.994075
Area_4/lobby_2 sample_part pre k=8 recall=0.999930
Area_4/lobby_2 sample_part pre k=16 recall=0.999938
Area_4/lobby_2 sample_part pre k=24 recall=0.999932
Area_4/lobby_2 sample_part pre k=32 recall=0.999880
Area_4/lobby_2 sample_part pre k=48 recall=0.999412
Area_4/lobby_2 sample_part pre k=64 recall=0.994421
Area_4/lobby_2 sample_part post k=8 recall=0.999932
Area_4/lobby_2 sample_part post k=16 recall=0.999903
Area_4/lobby_2 sample_part post k=24 recall=0.999875
Area_4/lobby_2 sample_part post k=32 recall=0.999785
Area_4/lobby_2 sample_part post k=48 recall=0.999021
Area_4/lobby_2 sample_part post k=64 recall=0.993580
Area_4/office_10 sample_part pre k=8 recall=0.999924
Area_4/office_10 sample_part pre k=16 recall=0.999959
Area_4/office_10 sample_part pre k=24 recall=0.999954
Area_4/office_10 sample_part pre k=32 recall=0.999896
Area_4/office_10 sample_part pre k=48 recall=0.999355
Area_4/office_10 sample_part pre k=64 recall=0.994721
Area_4/office_10 sample_part post k=8 recall=0.999925
Area_4/office_10 sample_part post k=16 recall=0.999957
Area_4/office_10 sample_part post k=24 recall=0.999924
Area_4/office_10 sample_part post k=32 recall=0.999818
Area_4/office_10 sample_part post k=48 recall=0.998891
Area_4/office_10 sample_part post k=64 recall=0.993713
Area_4/office_16 sample_part pre k=8 recall=0.999937
Area_4/office_16 sample_part pre k=16 recall=0.999968
Area_4/office_16 sample_part pre k=24 recall=0.999951
Area_4/office_16 sample_part pre k=32 recall=0.999888
Area_4/office_16 sample_part pre k=48 recall=0.999106
Area_4/office_16 sample_part pre k=64 recall=0.993640
Area_4/office_16 sample_part post k=8 recall=0.999946
Area_4/office_16 sample_part post k=16 recall=0.999971
Area_4/office_16 sample_part post k=24 recall=0.999919
Area_4/office_16 sample_part post k=32 recall=0.999768
Area_4/office_16 sample_part post k=48 recall=0.998412
Area_4/office_16 sample_part post k=64 recall=0.992110
Area_4/office_17 sample_part pre k=8 recall=0.999936
Area_4/office_17 sample_part pre k=16 recall=0.999955
Area_4/office_17 sample_part pre k=24 recall=0.999952
Area_4/office_17 sample_part pre k=32 recall=0.999911
Area_4/office_17 sample_part pre k=48 recall=0.999361
Area_4/office_17 sample_part pre k=64 recall=0.994422
Area_4/office_17 sample_part post k=8 recall=0.999943
Area_4/office_17 sample_part post k=16 recall=0.999939
Area_4/office_17 sample_part post k=24 recall=0.999914
Area_4/office_17 sample_part post k=32 recall=0.999836
Area_4/office_17 sample_part post k=48 recall=0.998917
Area_4/office_17 sample_part post k=64 recall=0.993370
Area_4/office_9 sample_part pre k=8 recall=0.999941
Area_4/office_9 sample_part pre k=16 recall=0.999964
Area_4/office_9 sample_part pre k=24 recall=0.999972
Area_4/office_9 sample_part pre k=32 recall=0.999947
Area_4/office_9 sample_part pre k=48 recall=0.999442
Area_4/office_9 sample_part pre k=64 recall=0.995096
Area_4/office_9 sample_part post k=8 recall=0.999936
Area_4/office_9 sample_part post k=16 recall=0.999936
Area_4/office_9 sample_part post k=24 recall=0.999942
Area_4/office_9 sample_part post k=32 recall=0.999876
Area_4/office_9 sample_part post k=48 recall=0.998937
Area_4/office_9 sample_part post k=64 recall=0.993925
Area_5/conferenceRoom_1 sample_part pre k=8 recall=0.999924
Area_5/conferenceRoom_1 sample_part pre k=16 recall=0.999953
Area_5/conferenceRoom_1 sample_part pre k=24 recall=0.999939
Area_5/conferenceRoom_1 sample_part pre k=32 recall=0.999870
Area_5/conferenceRoom_1 sample_part pre k=48 recall=0.999145
Area_5/conferenceRoom_1 sample_part pre k=64 recall=0.992976
Area_5/conferenceRoom_1 sample_part post k=8 recall=0.999931
Area_5/conferenceRoom_1 sample_part post k=16 recall=0.999934
Area_5/conferenceRoom_1 sample_part post k=24 recall=0.999882
Area_5/conferenceRoom_1 sample_part post k=32 recall=0.999739
Area_5/conferenceRoom_1 sample_part post k=48 recall=0.998513
Area_5/conferenceRoom_1 sample_part post k=64 recall=0.991641
Area_5/conferenceRoom_2 sample_part pre k=8 recall=0.999932
Area_5/conferenceRoom_2 sample_part pre k=16 recall=0.999910
Area_5/conferenceRoom_2 sample_part pre k=24 recall=0.999817
Area_5/conferenceRoom_2 sample_part pre k=32 recall=0.999603
Area_5/conferenceRoom_2 sample_part pre k=48 recall=0.998068
Area_5/conferenceRoom_2 sample_part pre k=64 recall=0.990924
Area_5/conferenceRoom_2 sample_part post k=8 recall=0.999948
Area_5/conferenceRoom_2 sample_part post k=16 recall=0.999848
Area_5/conferenceRoom_2 sample_part post k=24 recall=0.999652
Area_5/conferenceRoom_2 sample_part post k=32 recall=0.999266
Area_5/conferenceRoom_2 sample_part post k=48 recall=0.996785
Area_5/conferenceRoom_2 sample_part post k=64 recall=0.988248
Area_5/conferenceRoom_3 sample_part pre k=8 recall=0.999915
Area_5/conferenceRoom_3 sample_part pre k=16 recall=0.999923
Area_5/conferenceRoom_3 sample_part pre k=24 recall=0.999848
Area_5/conferenceRoom_3 sample_part pre k=32 recall=0.999644
Area_5/conferenceRoom_3 sample_part pre k=48 recall=0.998498
Area_5/conferenceRoom_3 sample_part pre k=64 recall=0.991937
Area_5/conferenceRoom_3 sample_part post k=8 recall=0.999942
Area_5/conferenceRoom_3 sample_part post k=16 recall=0.999842
Area_5/conferenceRoom_3 sample_part post k=24 recall=0.999657
Area_5/conferenceRoom_3 sample_part post k=32 recall=0.999250
Area_5/conferenceRoom_3 sample_part post k=48 recall=0.997173
Area_5/conferenceRoom_3 sample_part post k=64 recall=0.989226
Area_5/hallway_1 sample_part pre k=8 recall=0.999943
Area_5/hallway_1 sample_part pre k=16 recall=0.999945
Area_5/hallway_1 sample_part pre k=24 recall=0.999907
Area_5/hallway_1 sample_part pre k=32 recall=0.999807
Area_5/hallway_1 sample_part pre k=48 recall=0.999073
Area_5/hallway_1 sample_part pre k=64 recall=0.995390
Area_5/hallway_1 sample_part post k=8 recall=0.999943
Area_5/hallway_1 sample_part post k=16 recall=0.999905
Area_5/hallway_1 sample_part post k=24 recall=0.999823
Area_5/hallway_1 sample_part post k=32 recall=0.999632
Area_5/hallway_1 sample_part post k=48 recall=0.998303
Area_5/hallway_1 sample_part post k=64 recall=0.993818
Area_5/hallway_10 sample_part pre k=8 recall=0.999924
Area_5/hallway_10 sample_part pre k=16 recall=0.999945
Area_5/hallway_10 sample_part pre k=24 recall=0.999953
Area_5/hallway_10 sample_part pre k=32 recall=0.999939
Area_5/hallway_10 sample_part pre k=48 recall=0.999422
Area_5/hallway_10 sample_part pre k=64 recall=0.993298
Area_5/hallway_10 sample_part post k=8 recall=0.999907
Area_5/hallway_10 sample_part post k=16 recall=0.999934
Area_5/hallway_10 sample_part post k=24 recall=0.999922
Area_5/hallway_10 sample_part post k=32 recall=0.999882
Area_5/hallway_10 sample_part post k=48 recall=0.999018
Area_5/hallway_10 sample_part post k=64 recall=0.992379
Area_5/hallway_13 sample_part pre k=8 recall=0.999928
Area_5/hallway_13 sample_part pre k=16 recall=0.999959
Area_5/hallway_13 sample_part pre k=24 recall=0.999940
Area_5/hallway_13 sample_part pre k=32 recall=0.999889
Area_5/hallway_13 sample_part pre k=48 recall=0.999175
Area_5/hallway_13 sample_part pre k=64 recall=0.992832
Area_5/hallway_13 sample_part post k=8 recall=0.999934
Area_5/hallway_13 sample_part post k=16 recall=0.999950
Area_5/hallway_13 sample_part post k=24 recall=0.999887
Area_5/hallway_13 sample_part post k=32 recall=0.999774
Area_5/hallway_13 sample_part post k=48 recall=0.998610
Area_5/hallway_13 sample_part post k=64 recall=0.991513
Area_5/hallway_15 sample_part pre k=8 recall=0.999926
Area_5/hallway_15 sample_part pre k=16 recall=0.999951
Area_5/hallway_15 sample_part pre k=24 recall=0.999930
Area_5/hallway_15 sample_part pre k=32 recall=0.999876
Area_5/hallway_15 sample_part pre k=48 recall=0.999222
Area_5/hallway_15 sample_part pre k=64 recall=0.993370
Area_5/hallway_15 sample_part post k=8 recall=0.999936
Area_5/hallway_15 sample_part post k=16 recall=0.999931
Area_5/hallway_15 sample_part post k=24 recall=0.999893
Area_5/hallway_15 sample_part post k=32 recall=0.999777
Area_5/hallway_15 sample_part post k=48 recall=0.998729
Area_5/hallway_15 sample_part post k=64 recall=0.992264
Area_5/hallway_2 sample_part pre k=8 recall=0.999936
Area_5/hallway_2 sample_part pre k=16 recall=0.999953
Area_5/hallway_2 sample_part pre k=24 recall=0.999940
Area_5/hallway_2 sample_part pre k=32 recall=0.999892
Area_5/hallway_2 sample_part pre k=48 recall=0.999107
Area_5/hallway_2 sample_part pre k=64 recall=0.993295
Area_5/hallway_2 sample_part post k=8 recall=0.999907
Area_5/hallway_2 sample_part post k=16 recall=0.999920
Area_5/hallway_2 sample_part post k=24 recall=0.999885
Area_5/hallway_2 sample_part post k=32 recall=0.999792
Area_5/hallway_2 sample_part post k=48 recall=0.998543
Area_5/hallway_2 sample_part post k=64 recall=0.991942
Area_5/hallway_3 sample_part pre k=8 recall=0.999923
Area_5/hallway_3 sample_part pre k=16 recall=0.999956
Area_5/hallway_3 sample_part pre k=24 recall=0.999933
Area_5/hallway_3 sample_part pre k=32 recall=0.999881
Area_5/hallway_3 sample_part pre k=48 recall=0.999283
Area_5/hallway_3 sample_part pre k=64 recall=0.992968
Area_5/hallway_3 sample_part post k=8 recall=0.999921
Area_5/hallway_3 sample_part post k=16 recall=0.999950
Area_5/hallway_3 sample_part post k=24 recall=0.999889
Area_5/hallway_3 sample_part post k=32 recall=0.999785
Area_5/hallway_3 sample_part post k=48 recall=0.998790
Area_5/hallway_3 sample_part post k=64 recall=0.991888
Area_5/hallway_4 sample_part pre k=8 recall=0.999920
Area_5/hallway_4 sample_part pre k=16 recall=0.999960
Area_5/hallway_4 sample_part pre k=24 recall=0.999967
Area_5/hallway_4 sample_part pre k=32 recall=0.999952
Area_5/hallway_4 sample_part pre k=48 recall=0.999445
Area_5/hallway_4 sample_part pre k=64 recall=0.993191
Area_5/hallway_4 sample_part post k=8 recall=0.999929
Area_5/hallway_4 sample_part post k=16 recall=0.999942
Area_5/hallway_4 sample_part post k=24 recall=0.999959
Area_5/hallway_4 sample_part post k=32 recall=0.999920
Area_5/hallway_4 sample_part post k=48 recall=0.999079
Area_5/hallway_4 sample_part post k=64 recall=0.992242
Area_5/hallway_5 sample_part pre k=8 recall=0.999924
Area_5/hallway_5 sample_part pre k=16 recall=0.999963
Area_5/hallway_5 sample_part pre k=24 recall=0.999973
Area_5/hallway_5 sample_part pre k=32 recall=0.999958
Area_5/hallway_5 sample_part pre k=48 recall=0.999601
Area_5/hallway_5 sample_part pre k=64 recall=0.995077
Area_5/hallway_5 sample_part post k=8 recall=0.999958
Area_5/hallway_5 sample_part post k=16 recall=0.999969
Area_5/hallway_5 sample_part post k=24 recall=0.999974
Area_5/hallway_5 sample_part post k=32 recall=0.999929
Area_5/hallway_5 sample_part post k=48 recall=0.999286
Area_5/hallway_5 sample_part post k=64 recall=0.994373
Area_5/hallway_6 sample_part pre k=8 recall=0.999930
Area_5/hallway_6 sample_part pre k=16 recall=0.999968
Area_5/hallway_6 sample_part pre k=24 recall=0.999970
Area_5/hallway_6 sample_part pre k=32 recall=0.999941
Area_5/hallway_6 sample_part pre k=48 recall=0.999436
Area_5/hallway_6 sample_part pre k=64 recall=0.993349
Area_5/hallway_6 sample_part post k=8 recall=0.999938
Area_5/hallway_6 sample_part post k=16 recall=0.999977
Area_5/hallway_6 sample_part post k=24 recall=0.999967
Area_5/hallway_6 sample_part post k=32 recall=0.999902
Area_5/hallway_6 sample_part post k=48 recall=0.999032
Area_5/hallway_6 sample_part post k=64 recall=0.992516
Area_5/hallway_7 sample_part pre k=8 recall=0.999933
Area_5/hallway_7 sample_part pre k=16 recall=0.999941
Area_5/hallway_7 sample_part pre k=24 recall=0.999913
Area_5/hallway_7 sample_part pre k=32 recall=0.999835
Area_5/hallway_7 sample_part pre k=48 recall=0.999268
Area_5/hallway_7 sample_part pre k=64 recall=0.993864
Area_5/hallway_7 sample_part post k=8 recall=0.999945
Area_5/hallway_7 sample_part post k=16 recall=0.999886
Area_5/hallway_7 sample_part post k=24 recall=0.999815
Area_5/hallway_7 sample_part post k=32 recall=0.999683
Area_5/hallway_7 sample_part post k=48 recall=0.998797
Area_5/hallway_7 sample_part post k=64 recall=0.992823
Area_5/hallway_9 sample_part pre k=8 recall=0.999923
Area_5/hallway_9 sample_part pre k=16 recall=0.999957
Area_5/hallway_9 sample_part pre k=24 recall=0.999962
Area_5/hallway_9 sample_part pre k=32 recall=0.999922
Area_5/hallway_9 sample_part pre k=48 recall=0.999425
Area_5/hallway_9 sample_part pre k=64 recall=0.993840
Area_5/hallway_9 sample_part post k=8 recall=0.999935
Area_5/hallway_9 sample_part post k=16 recall=0.999951
Area_5/hallway_9 sample_part post k=24 recall=0.999959
Area_5/hallway_9 sample_part post k=32 recall=0.999872
Area_5/hallway_9 sample_part post k=48 recall=0.998909
Area_5/hallway_9 sample_part post k=64 recall=0.992659
Area_5/lobby_1 sample_part pre k=8 recall=0.999919
Area_5/lobby_1 sample_part pre k=16 recall=0.999882
Area_5/lobby_1 sample_part pre k=24 recall=0.999766
Area_5/lobby_1 sample_part pre k=32 recall=0.999500
Area_5/lobby_1 sample_part pre k=48 recall=0.998441
Area_5/lobby_1 sample_part pre k=64 recall=0.993634
Area_5/lobby_1 sample_part post k=8 recall=0.999907
Area_5/lobby_1 sample_part post k=16 recall=0.999750
Area_5/lobby_1 sample_part post k=24 recall=0.999451
Area_5/lobby_1 sample_part post k=32 recall=0.998886
Area_5/lobby_1 sample_part post k=48 recall=0.996921
Area_5/lobby_1 sample_part post k=64 recall=0.990879
Area_5/office_13 sample_part pre k=8 recall=0.999930
Area_5/office_13 sample_part pre k=16 recall=0.999958
Area_5/office_13 sample_part pre k=24 recall=0.999931
Area_5/office_13 sample_part pre k=32 recall=0.999831
Area_5/office_13 sample_part pre k=48 recall=0.998976
Area_5/office_13 sample_part pre k=64 recall=0.993582
Area_5/office_13 sample_part post k=8 recall=0.999916
Area_5/office_13 sample_part post k=16 recall=0.999915
Area_5/office_13 sample_part post k=24 recall=0.999832
Area_5/office_13 sample_part post k=32 recall=0.999630
Area_5/office_13 sample_part post k=48 recall=0.998149
Area_5/office_13 sample_part post k=64 recall=0.991887
Area_5/office_14 sample_part pre k=8 recall=0.999940
Area_5/office_14 sample_part pre k=16 recall=0.999943
Area_5/office_14 sample_part pre k=24 recall=0.999897
Area_5/office_14 sample_part pre k=32 recall=0.999786
Area_5/office_14 sample_part pre k=48 recall=0.998962
Area_5/office_14 sample_part pre k=64 recall=0.993977
Area_5/office_14 sample_part post k=8 recall=0.999941
Area_5/office_14 sample_part post k=16 recall=0.999901
Area_5/office_14 sample_part post k=24 recall=0.999778
Area_5/office_14 sample_part post k=32 recall=0.999549
Area_5/office_14 sample_part post k=48 recall=0.998100
Area_5/office_14 sample_part post k=64 recall=0.992160
Area_5/office_15 sample_part pre k=8 recall=0.999917
Area_5/office_15 sample_part pre k=16 recall=0.999945
Area_5/office_15 sample_part pre k=24 recall=0.999937
Area_5/office_15 sample_part pre k=32 recall=0.999879
Area_5/office_15 sample_part pre k=48 recall=0.999255
Area_5/office_15 sample_part pre k=64 recall=0.994294
Area_5/office_15 sample_part post k=8 recall=0.999911
Area_5/office_15 sample_part post k=16 recall=0.999915
Area_5/office_15 sample_part post k=24 recall=0.999885
Area_5/office_15 sample_part post k=32 recall=0.999762
Area_5/office_15 sample_part post k=48 recall=0.998653
Area_5/office_15 sample_part post k=64 recall=0.992964
Area_5/office_17 sample_part pre k=8 recall=0.999935
Area_5/office_17 sample_part pre k=16 recall=0.999961
Area_5/office_17 sample_part pre k=24 recall=0.999946
Area_5/office_17 sample_part pre k=32 recall=0.999850
Area_5/office_17 sample_part pre k=48 recall=0.999077
Area_5/office_17 sample_part pre k=64 recall=0.994405
Area_5/office_17 sample_part post k=8 recall=0.999947
Area_5/office_17 sample_part post k=16 recall=0.999943
Area_5/office_17 sample_part post k=24 recall=0.999877
Area_5/office_17 sample_part post k=32 recall=0.999652
Area_5/office_17 sample_part post k=48 recall=0.998207
Area_5/office_17 sample_part post k=64 recall=0.992448
Area_5/office_18 sample_part pre k=8 recall=0.999927
Area_5/office_18 sample_part pre k=16 recall=0.999952
Area_5/office_18 sample_part pre k=24 recall=0.999955
Area_5/office_18 sample_part pre k=32 recall=0.999907
Area_5/office_18 sample_part pre k=48 recall=0.999368
Area_5/office_18 sample_part pre k=64 recall=0.993831
Area_5/office_18 sample_part post k=8 recall=0.999937
Area_5/office_18 sample_part post k=16 recall=0.999947
Area_5/office_18 sample_part post k=24 recall=0.999917
Area_5/office_18 sample_part post k=32 recall=0.999799
Area_5/office_18 sample_part post k=48 recall=0.998788
Area_5/office_18 sample_part post k=64 recall=0.992568
Area_5/office_19 sample_part pre k=8 recall=0.999902
Area_5/office_19 sample_part pre k=16 recall=0.999872
Area_5/office_19 sample_part pre k=24 recall=0.999755
Area_5/office_19 sample_part pre k=32 recall=0.999497
Area_5/office_19 sample_part pre k=48 recall=0.997826
Area_5/office_19 sample_part pre k=64 recall=0.990142
Area_5/office_19 sample_part post k=8 recall=0.999884
Area_5/office_19 sample_part post k=16 recall=0.999759
Area_5/office_19 sample_part post k=24 recall=0.999529
Area_5/office_19 sample_part post k=32 recall=0.999070
Area_5/office_19 sample_part post k=48 recall=0.996334
Area_5/office_19 sample_part post k=64 recall=0.987276
Area_5/office_21 sample_part pre k=8 recall=0.999911
Area_5/office_21 sample_part pre k=16 recall=0.999949
Area_5/office_21 sample_part pre k=24 recall=0.999895
Area_5/office_21 sample_part pre k=32 recall=0.999821
Area_5/office_21 sample_part pre k=48 recall=0.999123
Area_5/office_21 sample_part pre k=64 recall=0.992921
Area_5/office_21 sample_part post k=8 recall=0.999931
Area_5/office_21 sample_part post k=16 recall=0.999932
Area_5/office_21 sample_part post k=24 recall=0.999791
Area_5/office_21 sample_part post k=32 recall=0.999627
Area_5/office_21 sample_part post k=48 recall=0.998433
Area_5/office_21 sample_part post k=64 recall=0.991505
Area_5/office_24 sample_part pre k=8 recall=0.990396
Area_5/office_24 sample_part pre k=16 recall=0.994177
Area_5/office_24 sample_part pre k=24 recall=0.997361
Area_5/office_24 sample_part pre k=32 recall=0.997421
Area_5/office_24 sample_part pre k=48 recall=0.997335
Area_5/office_24 sample_part pre k=64 recall=0.992333
Area_5/office_24 sample_part post k=8 recall=0.992089
Area_5/office_24 sample_part post k=16 recall=0.994405
Area_5/office_24 sample_part post k=24 recall=0.997632
Area_5/office_24 sample_part post k=32 recall=0.997959
Area_5/office_24 sample_part post k=48 recall=0.996524
Area_5/office_24 sample_part post k=64 recall=0.990187
Area_5/office_29 sample_part pre k=8 recall=0.999932
Area_5/office_29 sample_part pre k=16 recall=0.999926
Area_5/office_29 sample_part pre k=24 recall=0.999844
Area_5/office_29 sample_part pre k=32 recall=0.999662
Area_5/office_29 sample_part pre k=48 recall=0.998471
Area_5/office_29 sample_part pre k=64 recall=0.992462
Area_5/office_29 sample_part post k=8 recall=0.999929
Area_5/office_29 sample_part post k=16 recall=0.999884
Area_5/office_29 sample_part post k=24 recall=0.999680
Area_5/office_29 sample_part post k=32 recall=0.999325
Area_5/office_29 sample_part post k=48 recall=0.997318
Area_5/office_29 sample_part post k=64 recall=0.990110
Area_5/office_36 sample_part pre k=8 recall=0.999936
Area_5/office_36 sample_part pre k=16 recall=0.999957
Area_5/office_36 sample_part pre k=24 recall=0.999905
Area_5/office_36 sample_part pre k=32 recall=0.999774
Area_5/office_36 sample_part pre k=48 recall=0.998780
Area_5/office_36 sample_part pre k=64 recall=0.992690
Area_5/office_36 sample_part post k=8 recall=0.999957
Area_5/office_36 sample_part post k=16 recall=0.999956
Area_5/office_36 sample_part post k=24 recall=0.999859
Area_5/office_36 sample_part post k=32 recall=0.999624
Area_5/office_36 sample_part post k=48 recall=0.997968
Area_5/office_36 sample_part post k=64 recall=0.990774
Area_5/office_37 sample_part pre k=8 recall=0.999932
Area_5/office_37 sample_part pre k=16 recall=0.999826
Area_5/office_37 sample_part pre k=24 recall=0.999607
Area_5/office_37 sample_part pre k=32 recall=0.999217
Area_5/office_37 sample_part pre k=48 recall=0.997223
Area_5/office_37 sample_part pre k=64 recall=0.990673
Area_5/office_37 sample_part post k=8 recall=0.999922
Area_5/office_37 sample_part post k=16 recall=0.999661
Area_5/office_37 sample_part post k=24 recall=0.999255
Area_5/office_37 sample_part post k=32 recall=0.998600
Area_5/office_37 sample_part post k=48 recall=0.995397
Area_5/office_37 sample_part post k=64 recall=0.987056
Area_5/office_38 sample_part pre k=8 recall=0.999949
Area_5/office_38 sample_part pre k=16 recall=0.999940
Area_5/office_38 sample_part pre k=24 recall=0.999857
Area_5/office_38 sample_part pre k=32 recall=0.999693
Area_5/office_38 sample_part pre k=48 recall=0.998280
Area_5/office_38 sample_part pre k=64 recall=0.992701
Area_5/office_38 sample_part post k=8 recall=0.999941
Area_5/office_38 sample_part post k=16 recall=0.999881
Area_5/office_38 sample_part post k=24 recall=0.999698
Area_5/office_38 sample_part post k=32 recall=0.999366
Area_5/office_38 sample_part post k=48 recall=0.996978
Area_5/office_38 sample_part post k=64 recall=0.989804
Area_5/office_40 sample_part pre k=8 recall=0.999948
Area_5/office_40 sample_part pre k=16 recall=0.999948
Area_5/office_40 sample_part pre k=24 recall=0.999912
Area_5/office_40 sample_part pre k=32 recall=0.999785
Area_5/office_40 sample_part pre k=48 recall=0.998527
Area_5/office_40 sample_part pre k=64 recall=0.992650
Area_5/office_40 sample_part post k=8 recall=0.999947
Area_5/office_40 sample_part post k=16 recall=0.999916
Area_5/office_40 sample_part post k=24 recall=0.999809
Area_5/office_40 sample_part post k=32 recall=0.999536
Area_5/office_40 sample_part post k=48 recall=0.997371
Area_5/office_40 sample_part post k=64 recall=0.990044
Area_5/office_41 sample_part pre k=8 recall=0.999932
Area_5/office_41 sample_part pre k=16 recall=0.999951
Area_5/office_41 sample_part pre k=24 recall=0.999916
Area_5/office_41 sample_part pre k=32 recall=0.999807
Area_5/office_41 sample_part pre k=48 recall=0.998843
Area_5/office_41 sample_part pre k=64 recall=0.993132
Area_5/office_41 sample_part post k=8 recall=0.999933
Area_5/office_41 sample_part post k=16 recall=0.999904
Area_5/office_41 sample_part post k=24 recall=0.999823
Area_5/office_41 sample_part post k=32 recall=0.999586
Area_5/office_41 sample_part post k=48 recall=0.997896
Area_5/office_41 sample_part post k=64 recall=0.991155
Area_6/conferenceRoom_1 sample_part pre k=8 recall=0.999915
Area_6/conferenceRoom_1 sample_part pre k=16 recall=0.999928
Area_6/conferenceRoom_1 sample_part pre k=24 recall=0.999872
Area_6/conferenceRoom_1 sample_part pre k=32 recall=0.999796
Area_6/conferenceRoom_1 sample_part pre k=48 recall=0.999268
Area_6/conferenceRoom_1 sample_part pre k=64 recall=0.993766
Area_6/conferenceRoom_1 sample_part post k=8 recall=0.999913
Area_6/conferenceRoom_1 sample_part post k=16 recall=0.999873
Area_6/conferenceRoom_1 sample_part post k=24 recall=0.999755
Area_6/conferenceRoom_1 sample_part post k=32 recall=0.999605
Area_6/conferenceRoom_1 sample_part post k=48 recall=0.998642
Area_6/conferenceRoom_1 sample_part post k=64 recall=0.992535
Area_6/hallway_1 sample_part pre k=8 recall=0.999943
Area_6/hallway_1 sample_part pre k=16 recall=0.999973
Area_6/hallway_1 sample_part pre k=24 recall=0.999981
Area_6/hallway_1 sample_part pre k=32 recall=0.999953
Area_6/hallway_1 sample_part pre k=48 recall=0.999060
Area_6/hallway_1 sample_part pre k=64 recall=0.992720
Area_6/hallway_1 sample_part post k=8 recall=0.999958
Area_6/hallway_1 sample_part post k=16 recall=0.999966
Area_6/hallway_1 sample_part post k=24 recall=0.999972
Area_6/hallway_1 sample_part post k=32 recall=0.999901
Area_6/hallway_1 sample_part post k=48 recall=0.998267
Area_6/hallway_1 sample_part post k=64 recall=0.990908
Area_6/hallway_2 sample_part pre k=8 recall=0.999936
Area_6/hallway_2 sample_part pre k=16 recall=0.999971
Area_6/hallway_2 sample_part pre k=24 recall=0.999981
Area_6/hallway_2 sample_part pre k=32 recall=0.999949
Area_6/hallway_2 sample_part pre k=48 recall=0.999190
Area_6/hallway_2 sample_part pre k=64 recall=0.993226
Area_6/hallway_2 sample_part post k=8 recall=0.999962
Area_6/hallway_2 sample_part post k=16 recall=0.999968
Area_6/hallway_2 sample_part post k=24 recall=0.999973
Area_6/hallway_2 sample_part post k=32 recall=0.999918
Area_6/hallway_2 sample_part post k=48 recall=0.998654
Area_6/hallway_2 sample_part post k=64 recall=0.991922
Area_6/lounge_1 sample_part pre k=8 recall=0.999942
Area_6/lounge_1 sample_part pre k=16 recall=0.999906
Area_6/lounge_1 sample_part pre k=24 recall=0.999777
Area_6/lounge_1 sample_part pre k=32 recall=0.999590
Area_6/lounge_1 sample_part pre k=48 recall=0.998637
Area_6/lounge_1 sample_part pre k=64 recall=0.993736
Area_6/lounge_1 sample_part post k=8 recall=0.999939
Area_6/lounge_1 sample_part post k=16 recall=0.999843
Area_6/lounge_1 sample_part post k=24 recall=0.999622
Area_6/lounge_1 sample_part post k=32 recall=0.999309
Area_6/lounge_1 sample_part post k=48 recall=0.997773
Area_6/lounge_1 sample_part post k=64 recall=0.992103
Area_6/office_8 sample_part pre k=8 recall=0.999922
Area_6/office_8 sample_part pre k=16 recall=0.999952
Area_6/office_8 sample_part pre k=24 recall=0.999931
Area_6/office_8 sample_part pre k=32 recall=0.999833
Area_6/office_8 sample_part pre k=48 recall=0.998820
Area_6/office_8 sample_part pre k=64 recall=0.993144
Area_6/office_8 sample_part post k=8 recall=0.999908
Area_6/office_8 sample_part post k=16 recall=0.999919
Area_6/office_8 sample_part post k=24 recall=0.999842
Area_6/office_8 sample_part post k=32 recall=0.999624
Area_6/office_8 sample_part post k=48 recall=0.997841
Area_6/office_8 sample_part post k=64 recall=0.991072
Area_6/office_9 sample_part pre k=8 recall=0.999936
Area_6/office_9 sample_part pre k=16 recall=0.999968
Area_6/office_9 sample_part pre k=24 recall=0.999940
Area_6/office_9 sample_part pre k=32 recall=0.999842
Area_6/office_9 sample_part pre k=48 recall=0.999025
Area_6/office_9 sample_part pre k=64 recall=0.994099
Area_6/office_9 sample_part post k=8 recall=0.999948
Area_6/office_9 sample_part post k=16 recall=0.999965
Area_6/office_9 sample_part post k=24 recall=0.999882
Area_6/office_9 sample_part post k=32 recall=0.999705
Area_6/office_9 sample_part post k=48 recall=0.998336
Area_6/office_9 sample_part post k=64 recall=0.992458
Area_6/openspace_1 sample_part pre k=8 recall=0.999901
Area_6/openspace_1 sample_part pre k=16 recall=0.999924
Area_6/openspace_1 sample_part pre k=24 recall=0.999906
Area_6/openspace_1 sample_part pre k=32 recall=0.999830
Area_6/openspace_1 sample_part pre k=48 recall=0.999188
Area_6/openspace_1 sample_part pre k=64 recall=0.993776
Area_6/openspace_1 sample_part post k=8 recall=0.999894
Area_6/openspace_1 sample_part post k=16 recall=0.999891
Area_6/openspace_1 sample_part post k=24 recall=0.999832
Area_6/openspace_1 sample_part post k=32 recall=0.999691
Area_6/openspace_1 sample_part post k=48 recall=0.998542
Area_6/openspace_1 sample_part post k=64 recall=0.992381
Saved 972 records to results/L20/l20_stale_candidate_fix_complete_20260824/query/s3dis_sample_part_refresh.json
